21:56:52 **** Clean-only build of configuration Debug for project 02_USART_OOP ****
make -j12 clean 
rm -rf ./Startup/startup_stm32f411retx.d ./Startup/startup_stm32f411retx.o
rm -rf ./Src/led.cyclo ./Src/led.d ./Src/led.o ./Src/led.su ./Src/main.cyclo ./Src/main.d ./Src/main.o ./Src/main.su ./Src/syscalls.cyclo ./Src/syscalls.d ./Src/syscalls.o ./Src/syscalls.su ./Src/sysmem.cyclo ./Src/sysmem.d ./Src/sysmem.o ./Src/sysmem.su ./Src/uart.cyclo ./Src/uart.d ./Src/uart.o ./Src/uart.su
rm -rf 01_LED_OOP.elf 01_LED_OOP.list 01_LED_OOP.map default.size.stdout
 
21:56:53 **** Build of configuration Debug for project 02_USART_OOP ****
make -j12 all 
arm-none-eabi-gcc -mcpu=cortex-m4 -g3 -DDEBUG -c -x assembler-with-cpp -MMD -MP -MF"Startup/startup_stm32f411retx.d" -MT"Startup/startup_stm32f411retx.o" --specs=nano.specs -mfpu=fpv4-sp-d16 -mfloat-abi=hard -mthumb -o "Startup/startup_stm32f411retx.o" "../Startup/startup_stm32f411retx.s"
arm-none-eabi-g++ "../Src/fpu.cpp" -mcpu=cortex-m4 -std=gnu++14 -g3 -DDEBUG -DNUCLEO_F411RE -DSTM32 -DSTM32F4 -DSTM32F411RETx -DSTM32F411xE -c -I../Inc -I/home/ahmad/Documents/chip_headers/CMSIS/Device/ST/STM32F4xx -I/home/ahmad/Documents/chip_headers/CMSIS/Include -O0 -ffunction-sections -fdata-sections -fno-exceptions -fno-rtti -fno-use-cxa-atexit -Wall -fstack-usage -fcyclomatic-complexity -MMD -MP -MF"Src/fpu.d" -MT"Src/fpu.o" --specs=nano.specs -mfpu=fpv4-sp-d16 -mfloat-abi=hard -mthumb -o "Src/fpu.o"
arm-none-eabi-g++ "../Src/led.cpp" -mcpu=cortex-m4 -std=gnu++14 -g3 -DDEBUG -DNUCLEO_F411RE -DSTM32 -DSTM32F4 -DSTM32F411RETx -DSTM32F411xE -c -I../Inc -I/home/ahmad/Documents/chip_headers/CMSIS/Device/ST/STM32F4xx -I/home/ahmad/Documents/chip_headers/CMSIS/Include -O0 -ffunction-sections -fdata-sections -fno-exceptions -fno-rtti -fno-use-cxa-atexit -Wall -fstack-usage -fcyclomatic-complexity -MMD -MP -MF"Src/led.d" -MT"Src/led.o" --specs=nano.specs -mfpu=fpv4-sp-d16 -mfloat-abi=hard -mthumb -o "Src/led.o"
arm-none-eabi-g++ "../Src/main.cpp" -mcpu=cortex-m4 -std=gnu++14 -g3 -DDEBUG -DNUCLEO_F411RE -DSTM32 -DSTM32F4 -DSTM32F411RETx -DSTM32F411xE -c -I../Inc -I/home/ahmad/Documents/chip_headers/CMSIS/Device/ST/STM32F4xx -I/home/ahmad/Documents/chip_headers/CMSIS/Include -O0 -ffunction-sections -fdata-sections -fno-exceptions -fno-rtti -fno-use-cxa-atexit -Wall -fstack-usage -fcyclomatic-complexity -MMD -MP -MF"Src/main.d" -MT"Src/main.o" --specs=nano.specs -mfpu=fpv4-sp-d16 -mfloat-abi=hard -mthumb -o "Src/main.o"
arm-none-eabi-gcc "../Src/syscalls.c" -mcpu=cortex-m4 -std=gnu11 -g3 -DDEBUG -DNUCLEO_F411RE -DSTM32 -DSTM32F4 -DSTM32F411RETx -DSTM32F411RxE -c -I../Inc -I/home/ahmad/Documents/bare-metal/chip_headers/CMSIS/Device/ST/STM32F4xx -I/home/ahmad/Documents/bare-metal/chip_headers/CMSIS/Include -O0 -ffunction-sections -fdata-sections -Wall -fstack-usage -fcyclomatic-complexity -MMD -MP -MF"Src/syscalls.d" -MT"Src/syscalls.o" --specs=nano.specs -mfpu=fpv4-sp-d16 -mfloat-abi=hard -mthumb -o "Src/syscalls.o"
arm-none-eabi-gcc "../Src/sysmem.c" -mcpu=cortex-m4 -std=gnu11 -g3 -DDEBUG -DNUCLEO_F411RE -DSTM32 -DSTM32F4 -DSTM32F411RETx -DSTM32F411RxE -c -I../Inc -I/home/ahmad/Documents/bare-metal/chip_headers/CMSIS/Device/ST/STM32F4xx -I/home/ahmad/Documents/bare-metal/chip_headers/CMSIS/Include -O0 -ffunction-sections -fdata-sections -Wall -fstack-usage -fcyclomatic-complexity -MMD -MP -MF"Src/sysmem.d" -MT"Src/sysmem.o" --specs=nano.specs -mfpu=fpv4-sp-d16 -mfloat-abi=hard -mthumb -o "Src/sysmem.o"
arm-none-eabi-g++ "../Src/uart.cpp" -mcpu=cortex-m4 -std=gnu++14 -g3 -DDEBUG -DNUCLEO_F411RE -DSTM32 -DSTM32F4 -DSTM32F411RETx -DSTM32F411xE -c -I../Inc -I/home/ahmad/Documents/chip_headers/CMSIS/Device/ST/STM32F4xx -I/home/ahmad/Documents/chip_headers/CMSIS/Include -O0 -ffunction-sections -fdata-sections -fno-exceptions -fno-rtti -fno-use-cxa-atexit -Wall -fstack-usage -fcyclomatic-complexity -MMD -MP -MF"Src/uart.d" -MT"Src/uart.o" --specs=nano.specs -mfpu=fpv4-sp-d16 -mfloat-abi=hard -mthumb -o "Src/uart.o"
arm-none-eabi-g++ "../Src/usart.cpp" -mcpu=cortex-m4 -std=gnu++14 -g3 -DDEBUG -DNUCLEO_F411RE -DSTM32 -DSTM32F4 -DSTM32F411RETx -DSTM32F411xE -c -I../Inc -I/home/ahmad/Documents/chip_headers/CMSIS/Device/ST/STM32F4xx -I/home/ahmad/Documents/chip_headers/CMSIS/Include -O0 -ffunction-sections -fdata-sections -fno-exceptions -fno-rtti -fno-use-cxa-atexit -Wall -fstack-usage -fcyclomatic-complexity -MMD -MP -MF"Src/usart.d" -MT"Src/usart.o" --specs=nano.specs -mfpu=fpv4-sp-d16 -mfloat-abi=hard -mthumb -o "Src/usart.o"
arm-none-eabi-g++ -o "02_USART_OOP.elf" @"objects.list"   -mcpu=cortex-m4 -T"/home/ahmad/Documents/embedded-cpp/02_USART_OOP/STM32F411RETX_FLASH.ld" --specs=nosys.specs -Wl,-Map="02_USART_OOP.map" -Wl,--gc-sections -static --specs=nano.specs -mfpu=fpv4-sp-d16 -mfloat-abi=hard -mthumb -Wl,--start-group -lc -lm -lstdc++ -lsupc++ -Wl,--end-group
Finished building target: 02_USART_OOP.elf
 
arm-none-eabi-size  02_USART_OOP.elf 
arm-none-eabi-objdump -h -S 02_USART_OOP.elf  > "02_USART_OOP.list"
   text	   data	    bss	    dec	    hex	filename
   1536	      0	   1568	   3104	    c20	02_USART_OOP.elf
Finished building: default.size.stdout
 
Finished building: 02_USART_OOP.list
 
21:57:07 **** Incremental Build of configuration Debug for project 02_USART_OOP ****
make -j12 all 
arm-none-eabi-size  02_USART_OOP.elf 
   text	   data	    bss	    dec	    hex	filename
   1536	      0	   1568	   3104	    c20	02_USART_OOP.elf
Finished building: default.size.stdout
 
21:57:19 **** Incremental Build of configuration Debug for project 02_USART_OOP ****
make -j12 all 
arm-none-eabi-size  02_USART_OOP.elf 
   text	   data	    bss	    dec	    hex	filename
   1536	      0	   1568	   3104	    c20	02_USART_OOP.elf
Finished building: default.size.stdout
 
