21:25:39 **** Incremental Build of configuration Debug for project 00_UART_LED ****
make -j12 all 
arm-none-eabi-g++ "../Src/main.cpp" -mcpu=cortex-m4 -std=gnu++14 -g3 -DDEBUG -DSTM32 -DSTM32F4 -DSTM32F411RETx -DSTM32F411RxE -DSTM32F411xE -c -I../Inc -I/home/ahmad/Documents/chip_headers/CMSIS/Device/ST/STM32F4xx -I/home/ahmad/Documents/chip_headers/CMSIS/Include -O0 -ffunction-sections -fdata-sections -fno-exceptions -fno-rtti -fno-use-cxa-atexit -Wall -fstack-usage -fcyclomatic-complexity -MMD -MP -MF"Src/main.d" -MT"Src/main.o" --specs=nano.specs -mfpu=fpv4-sp-d16 -mfloat-abi=hard -mthumb -o "Src/main.o"
arm-none-eabi-gcc "../Src/syscalls.c" -mcpu=cortex-m4 -std=gnu11 -g3 -DDEBUG -DSTM32 -DSTM32F4 -DSTM32F411RETx -DSTM32F411RxE -c -I../Inc -I/home/ahmad/Documents/chip_headers/CMSIS/Include -I/home/ahmad/Documents/chip_headers/CMSIS/Device/ST/STM32F4xx -O0 -ffunction-sections -fdata-sections -Wall -fstack-usage -fcyclomatic-complexity -MMD -MP -MF"Src/syscalls.d" -MT"Src/syscalls.o" --specs=nano.specs -mfpu=fpv4-sp-d16 -mfloat-abi=hard -mthumb -o "Src/syscalls.o"
arm-none-eabi-gcc "../Src/sysmem.c" -mcpu=cortex-m4 -std=gnu11 -g3 -DDEBUG -DSTM32 -DSTM32F4 -DSTM32F411RETx -DSTM32F411RxE -c -I../Inc -I/home/ahmad/Documents/chip_headers/CMSIS/Include -I/home/ahmad/Documents/chip_headers/CMSIS/Device/ST/STM32F4xx -O0 -ffunction-sections -fdata-sections -Wall -fstack-usage -fcyclomatic-complexity -MMD -MP -MF"Src/sysmem.d" -MT"Src/sysmem.o" --specs=nano.specs -mfpu=fpv4-sp-d16 -mfloat-abi=hard -mthumb -o "Src/sysmem.o"
arm-none-eabi-g++ "../Src/uart.cpp" -mcpu=cortex-m4 -std=gnu++14 -g3 -DDEBUG -DSTM32 -DSTM32F4 -DSTM32F411RETx -DSTM32F411RxE -DSTM32F411xE -c -I../Inc -I/home/ahmad/Documents/chip_headers/CMSIS/Device/ST/STM32F4xx -I/home/ahmad/Documents/chip_headers/CMSIS/Include -O0 -ffunction-sections -fdata-sections -fno-exceptions -fno-rtti -fno-use-cxa-atexit -Wall -fstack-usage -fcyclomatic-complexity -MMD -MP -MF"Src/uart.d" -MT"Src/uart.o" --specs=nano.specs -mfpu=fpv4-sp-d16 -mfloat-abi=hard -mthumb -o "Src/uart.o"
arm-none-eabi-g++ -o "00_UART_LED.elf" @"objects.list"   -mcpu=cortex-m4 -T"/home/ahmad/Documents/embedded-cpp/00_UART_LED/STM32F411RETX_FLASH.ld" --specs=nosys.specs -Wl,-Map="00_UART_LED.map" -Wl,--gc-sections -static --specs=nano.specs -mfpu=fpv4-sp-d16 -mfloat-abi=hard -mthumb -Wl,--start-group -lc -lm -lstdc++ -lsupc++ -Wl,--end-group
Finished building target: 00_UART_LED.elf
 
arm-none-eabi-size  00_UART_LED.elf 
arm-none-eabi-objdump -h -S 00_UART_LED.elf  > "00_UART_LED.list"
   text	   data	    bss	    dec	    hex	filename
   5388	     92	   1908	   7388	   1cdc	00_UART_LED.elf
Finished building: default.size.stdout
 
Finished building: 00_UART_LED.list
 
21:25:50 **** Incremental Build of configuration Debug for project 00_UART_LED ****
make -j12 all 
arm-none-eabi-size  00_UART_LED.elf 
   text	   data	    bss	    dec	    hex	filename
   5388	     92	   1908	   7388	   1cdc	00_UART_LED.elf
Finished building: default.size.stdout
 
